// Jest Snapshot v1, https://goo.gl/fbAQLP

exports[`App renders correctly 1`] = `
<DocumentFragment>
  <div
    class="App"
    data-streak-tier="0"
  >
    <header
      class="App-header"
    >
      <h1>
        AI or Real?
      </h1>
    </header>
    <div
      class="round-counter"
    >
      <h2>
        Round: 0/10
      </h2>
    </div>
    <div
      class="directions"
    >
      <div
        class="directions-content"
      >
        <h2>
          Can you tell the difference between AI-generated and real images?
        </h2>
        <p>
          Click the image you think is AI-generated.
        </p>
        <div
          class="spinner"
        />
      </div>
    </div>
  </div>
</DocumentFragment>
`;
